// Jest Snapshot v1, https://goo.gl/fbAQLP

exports[`Exercise1 Exercise1 should toMatchSnapshot 1`] = `
<div
  className="container"
>
  Abecedario
  <ul>
    <span
      key="0"
    >
      a
    </span>
    <span
      key="1"
    >
      b
    </span>
    <span
      key="2"
    >
      c
    </span>
    <span
      key="3"
    >
      d
    </span>
    <span
      key="4"
    >
      e
    </span>
    <span
      key="5"
    >
      f
    </span>
    <span
      key="6"
    >
      g
    </span>
    <span
      key="7"
    >
      h
    </span>
    <span
      key="8"
    >
      i
    </span>
    <span
      key="9"
    >
      j
    </span>
    <span
      key="10"
    >
      k
    </span>
    <span
      key="11"
    >
      l
    </span>
    <span
      key="12"
    >
      m
    </span>
    <span
      key="13"
    >
      n
    </span>
    <span
      key="14"
    >
      o
    </span>
    <span
      key="15"
    >
      p
    </span>
    <span
      key="16"
    >
      q
    </span>
    <span
      key="17"
    >
      r
    </span>
    <span
      key="18"
    >
      s
    </span>
    <span
      key="19"
    >
      t
    </span>
    <span
      key="20"
    >
      u
    </span>
    <span
      key="21"
    >
      v
    </span>
    <span
      key="22"
    >
      w
    </span>
    <span
      key="23"
    >
      x
    </span>
    <span
      key="24"
    >
      y
    </span>
    <span
      key="25"
    >
      z
    </span>
    }
  </ul>
</div>
`;
